// Jest Snapshot v1, https://goo.gl/fbAQLP

exports[`Component renders properly 1`] = `
<h2
  class="MuiTypography-root-1 MuiTypography-h2-14 MuiTypography-colorInherit-30 MuiTypography-gutterBottom-28"
  data-testid="logo"
>
  ./URL MiNiFy
</h2>
`;
